F
======================================================================
FAIL: test_transition (__main__.TestEngine_contracts.test_transition)
----------------------------------------------------------------------
Traceback (most recent call last):
  File "C:\Python314\Lib\unittest\mock.py", line 1432, in patched
    return func(*newargs, **newkeywargs)
  File "C:\Users\Craig\Corvus\CorvusStar\tests\empire\test_engine_contracts.py", line 56, in test_transition
    self.assertIn("\033[36m", output) # ANSI Cyan Check
    ~~~~~~~~~~~~~^^^^^^^^^^^^^^^^^^^^
AssertionError: '\x1b[36m' not found in '\x1b[35m\u250c\u2500\u2500\u2500\u2500\u2500\u2500\u2500\u2500\u2500\u2500\u2500\u2500\u2500\u2500\u2500\u2500\u2500\u2500\u2500\u2500 \x1b[31m\x1b[1m\u03a9 ODIN ENGINE \u03a9\x1b[0m\x1b[35m \u2500\u2500\u2500\u2500\u2500\u2500\u2500\u2500\u2500\u2500\u2500\u2500\u2500\u2500\u2500\u2500\u2500\u2500\u2500\u2500\u2500\u2510\x1b[0m\n\x1b[35m\u2502\x1b[0m \x1b[31mCOMMAND             \x1b[0m \x1b[1mstatus\x1b[0m                               \x1b[35m\u2502\x1b[0m\n\x1b[35m\u2502\x1b[0m \x1b[31mMatch               \x1b[0m \x1b[2mSTATUS\x1b[0m                               \x1b[35m\u2502\x1b[0m\n\x1b[35m\u2502\x1b[0m \x1b[31mConfidence          \x1b[0m \x1b[32m\x1b[32m\u2588\u2588\u2588\u2588\u2588\u2588\u2588\u2588\u2588\u2588\x1b[2;32m\x1b[0m 1.00\x1b[0m      \x1b[35m\u2502\x1b[0m\n\x1b[35m\u2514\u2500\u2500\u2500\u2500\u2500\u2500\u2500\u2500\u2500\u2500\u2500\u2500\u2500\u2500\u2500\u2500\u2500\u2500\u2500\u2500\u2500\u2500\u2500\u2500\u2500\u2500\u2500\u2500\u2500\u2500\u2500\u2500\u2500\u2500\u2500\u2500\u2500\u2500\u2500\u2500\u2500\u2500\u2500\u2500\u2500\u2500\u2500\u2500\u2500\u2500\u2500\u2500\u2500\u2500\u2500\u2500\u2500\u2500\u2518\x1b[0m\n\x1b[35m\u250c\u2500\u2500\u2500\u2500\u2500\u2500\u2500\u2500\u2500\u2500\u2500\u2500\u2500\u2500\u2500\u2500\u2500\u2500\u2500 \x1b[31m\x1b[1mPROACTIVE EXECUTE\x1b[0m\x1b[35m \u2500\u2500\u2500\u2500\u2500\u2500\u2500\u2500\u2500\u2500\u2500\u2500\u2500\u2500\u2500\u2500\u2500\u2500\u2500\u2500\u2510\x1b[0m\n\x1b[35m\u2502\x1b[0m \x1b[31mCMD                 \x1b[0m \x1b[33mSTATUS\x1b[0m                               \x1b[35m\u2502\x1b[0m\n\x1b[35m\u2514\u2500\u2500\u2500\u2500\u2500\u2500\u2500\u2500\u2500\u2500\u2500\u2500\u2500\u2500\u2500\u2500\u2500\u2500\u2500\u2500\u2500\u2500\u2500\u2500\u2500\u2500\u2500\u2500\u2500\u2500\u2500\u2500\u2500\u2500\u2500\u2500\u2500\u2500\u2500\u2500\u2500\u2500\u2500\u2500\u2500\u2500\u2500\u2500\u2500\u2500\u2500\u2500\u2500\u2500\u2500\u2500\u2500\u2500\u2518\x1b[0m\n'

----------------------------------------------------------------------
Ran 1 test in 0.016s

FAILED (failures=1)
